#-----------------------------------------------------------
# Vivado v2017.3 (64-bit)
# SW Build 2018833 on Wed Oct  4 19:58:07 MDT 2017
# IP Build 2016188 on Wed Oct  4 21:52:56 MDT 2017
# Start of session at: Thu May 21 23:43:15 2020
# Process ID: 28629
# Current directory: /afs/tu-berlin.de/home/v/vincenthp2603/irb-ubuntu/HardwarePratikum/HardwarePRK-SoSe20/Blatt01/Vivado_WORK/Tutorial/Tutorial_Project/HWP1/HWP1.runs/impl_1
# Command line: vivado -log ArmInstructionAddressRegister.vdi -applog -product Vivado -messageDb vivado.pb -mode batch -source ArmInstructionAddressRegister.tcl -notrace
# Log file: /afs/tu-berlin.de/home/v/vincenthp2603/irb-ubuntu/HardwarePratikum/HardwarePRK-SoSe20/Blatt01/Vivado_WORK/Tutorial/Tutorial_Project/HWP1/HWP1.runs/impl_1/ArmInstructionAddressRegister.vdi
# Journal file: /afs/tu-berlin.de/home/v/vincenthp2603/irb-ubuntu/HardwarePratikum/HardwarePRK-SoSe20/Blatt01/Vivado_WORK/Tutorial/Tutorial_Project/HWP1/HWP1.runs/impl_1/vivado.jou
#-----------------------------------------------------------
source ArmInstructionAddressRegister.tcl -notrace
