#-----------------------------------------------------------
# Vivado v2017.3 (64-bit)
# SW Build 2018833 on Wed Oct  4 19:58:07 MDT 2017
# IP Build 2016188 on Wed Oct  4 21:52:56 MDT 2017
# Start of session at: Sun Jun 14 19:25:37 2020
# Process ID: 9088
# Current directory: /afs/tu-berlin.de/home/v/vincenthp2603/irb-ubuntu/HardwarePratikum/HardwarePRK-SoSe20/Blatt05/Vivado_WORK/Tutorial/vivado_project/HWP5/HWP5.runs/synth_1
# Command line: vivado -log ArmUncoreTop.vds -product Vivado -mode batch -messageDb vivado.pb -notrace -source ArmUncoreTop.tcl
# Log file: /afs/tu-berlin.de/home/v/vincenthp2603/irb-ubuntu/HardwarePratikum/HardwarePRK-SoSe20/Blatt05/Vivado_WORK/Tutorial/vivado_project/HWP5/HWP5.runs/synth_1/ArmUncoreTop.vds
# Journal file: /afs/tu-berlin.de/home/v/vincenthp2603/irb-ubuntu/HardwarePratikum/HardwarePRK-SoSe20/Blatt05/Vivado_WORK/Tutorial/vivado_project/HWP5/HWP5.runs/synth_1/vivado.jou
#-----------------------------------------------------------
source ArmUncoreTop.tcl -notrace
